2026-09-17 07:05:17.368: [INFO] CurrentProfilePath: C:\College\ParkGrid-Fullstack\Backend\.metadata\.plugins\org.eclipse.swt\EBWebView\Default
2026-09-17 07:05:17.368: [INFO] Profiles total count: 1
2026-09-17 07:05:17.368: [INFO] Profile: name=Profile 1 path=C:\College\ParkGrid-Fullstack\Backend\.metadata\.plugins\org.eclipse.swt\EBWebView\Default lastActive=null
2026-09-17 07:05:17.368: [INFO] LastUsedProfileDir: C:\College\ParkGrid-Fullstack\Backend\.metadata\.plugins\org.eclipse.swt\EBWebView\Default
2026-09-17 07:05:17.368: [INFO] OnDoneLoading sync enabled: 0
2026-09-17 07:05:17.368: [INFO] BookmarkModelLoaded, ids_reassigned: 0
2026-09-17 07:05:17.368: [INFO] BookmarksLoadDropped droppedNodes=0
2026-09-17 07:05:17.368: [INFO] BookmarksSnapshot Startup total=0 bar=0 other=0 mobile=0 showBar=0 showBarNTP=1
2026-09-17 07:05:39.041: [INFO] BookmarksSnapshot Shutdown total=0 bar=0 other=0 mobile=0 showBar=0 showBarNTP=1
2026-09-17 08:08:08.219: [INFO] CurrentProfilePath: C:\College\ParkGrid-Fullstack\Backend\.metadata\.plugins\org.eclipse.swt\EBWebView\Default
2026-09-17 08:08:08.219: [INFO] Profiles total count: 1
2026-09-17 08:08:08.219: [INFO] Profile: name=Profile 1 path=C:\College\ParkGrid-Fullstack\Backend\.metadata\.plugins\org.eclipse.swt\EBWebView\Default lastActive=2026-09-17T07:05:38.092Z
2026-09-17 08:08:08.219: [INFO] LastUsedProfileDir: C:\College\ParkGrid-Fullstack\Backend\.metadata\.plugins\org.eclipse.swt\EBWebView\Default
2026-09-17 08:08:08.219: [INFO] MostRecentlyActiveProfile: name=Profile 1 path=C:\College\ParkGrid-Fullstack\Backend\.metadata\.plugins\org.eclipse.swt\EBWebView\Default lastActive=2026-09-17T07:05:38.092Z
2026-09-17 08:08:08.219: [INFO] OnDoneLoading sync enabled: 0
2026-09-17 08:08:08.219: [INFO] BookmarkModelLoaded, ids_reassigned: 0
2026-09-17 08:08:08.219: [INFO] BookmarksLoadDropped droppedNodes=0
2026-09-17 08:08:08.219: [INFO] BookmarksSnapshot Startup total=0 bar=0 other=0 mobile=0 showBar=0 showBarNTP=1
2026-09-17 08:10:07.902: [INFO] BookmarksSnapshot Shutdown total=0 bar=0 other=0 mobile=0 showBar=0 showBarNTP=1
2026-09-17 11:36:47.513: [INFO] CurrentProfilePath: C:\College\ParkGrid-Fullstack\Backend\.metadata\.plugins\org.eclipse.swt\EBWebView\Default
2026-09-17 11:36:47.513: [INFO] Profiles total count: 1
2026-09-17 11:36:47.513: [INFO] Profile: name=Profile 1 path=C:\College\ParkGrid-Fullstack\Backend\.metadata\.plugins\org.eclipse.swt\EBWebView\Default lastActive=2026-09-17T08:10:06.824Z
2026-09-17 11:36:47.513: [INFO] LastUsedProfileDir: C:\College\ParkGrid-Fullstack\Backend\.metadata\.plugins\org.eclipse.swt\EBWebView\Default
2026-09-17 11:36:47.513: [INFO] MostRecentlyActiveProfile: name=Profile 1 path=C:\College\ParkGrid-Fullstack\Backend\.metadata\.plugins\org.eclipse.swt\EBWebView\Default lastActive=2026-09-17T08:10:06.824Z
2026-09-17 11:36:47.513: [INFO] OnDoneLoading sync enabled: 0
2026-09-17 11:36:47.513: [INFO] BookmarkModelLoaded, ids_reassigned: 0
2026-09-17 11:36:47.513: [INFO] BookmarksLoadDropped droppedNodes=0
2026-09-17 11:36:47.513: [INFO] BookmarksSnapshot Startup total=0 bar=0 other=0 mobile=0 showBar=0 showBarNTP=1
2026-09-17 11:57:35.434: [INFO] BookmarksSnapshot Shutdown total=0 bar=0 other=0 mobile=0 showBar=0 showBarNTP=1
2026-09-18 06:13:32.315: [INFO] CurrentProfilePath: C:\College\ParkGrid-Fullstack\Backend\.metadata\.plugins\org.eclipse.swt\EBWebView\Default
2026-09-18 06:13:32.315: [INFO] Profiles total count: 1
2026-09-18 06:13:32.315: [INFO] Profile: name=Profile 1 path=C:\College\ParkGrid-Fullstack\Backend\.metadata\.plugins\org.eclipse.swt\EBWebView\Default lastActive=2026-09-17T11:41:40.885Z
2026-09-18 06:13:32.315: [INFO] LastUsedProfileDir: C:\College\ParkGrid-Fullstack\Backend\.metadata\.plugins\org.eclipse.swt\EBWebView\Default
2026-09-18 06:13:32.315: [INFO] MostRecentlyActiveProfile: name=Profile 1 path=C:\College\ParkGrid-Fullstack\Backend\.metadata\.plugins\org.eclipse.swt\EBWebView\Default lastActive=2026-09-17T11:41:40.885Z
2026-09-18 06:13:32.315: [INFO] OnDoneLoading sync enabled: 0
2026-09-18 06:13:32.315: [INFO] BookmarkModelLoaded, ids_reassigned: 0
2026-09-18 06:13:32.315: [INFO] BookmarksLoadDropped droppedNodes=0
2026-09-18 06:13:32.315: [INFO] BookmarksSnapshot Startup total=0 bar=0 other=0 mobile=0 showBar=0 showBarNTP=1
2026-09-18 06:43:11.393: [INFO] BookmarksSnapshot Shutdown total=0 bar=0 other=0 mobile=0 showBar=0 showBarNTP=1
2026-09-18 06:56:19.453: [INFO] CurrentProfilePath: C:\College\ParkGrid-Fullstack\Backend\.metadata\.plugins\org.eclipse.swt\EBWebView\Default
2026-09-18 06:56:19.453: [INFO] Profiles total count: 1
2026-09-18 06:56:19.453: [INFO] Profile: name=Profile 1 path=C:\College\ParkGrid-Fullstack\Backend\.metadata\.plugins\org.eclipse.swt\EBWebView\Default lastActive=2026-09-18T06:14:25.070Z
2026-09-18 06:56:19.453: [INFO] LastUsedProfileDir: C:\College\ParkGrid-Fullstack\Backend\.metadata\.plugins\org.eclipse.swt\EBWebView\Default
2026-09-18 06:56:19.453: [INFO] MostRecentlyActiveProfile: name=Profile 1 path=C:\College\ParkGrid-Fullstack\Backend\.metadata\.plugins\org.eclipse.swt\EBWebView\Default lastActive=2026-09-18T06:14:25.070Z
2026-09-18 06:56:19.453: [INFO] OnDoneLoading sync enabled: 0
2026-09-18 06:56:19.453: [INFO] BookmarkModelLoaded, ids_reassigned: 0
2026-09-18 06:56:19.453: [INFO] BookmarksLoadDropped droppedNodes=0
2026-09-18 06:56:19.453: [INFO] BookmarksSnapshot Startup total=0 bar=0 other=0 mobile=0 showBar=0 showBarNTP=1
2026-09-18 07:20:56.359: [INFO] BookmarksSnapshot Shutdown total=0 bar=0 other=0 mobile=0 showBar=0 showBarNTP=1
2026-09-18 09:27:04.220: [INFO] CurrentProfilePath: C:\College\ParkGrid-Fullstack\Backend\.metadata\.plugins\org.eclipse.swt\EBWebView\Default
2026-09-18 09:27:04.220: [INFO] Profiles total count: 1
2026-09-18 09:27:04.220: [INFO] Profile: name=Profile 1 path=C:\College\ParkGrid-Fullstack\Backend\.metadata\.plugins\org.eclipse.swt\EBWebView\Default lastActive=2026-09-18T06:56:20.264Z
2026-09-18 09:27:04.220: [INFO] LastUsedProfileDir: C:\College\ParkGrid-Fullstack\Backend\.metadata\.plugins\org.eclipse.swt\EBWebView\Default
2026-09-18 09:27:04.220: [INFO] MostRecentlyActiveProfile: name=Profile 1 path=C:\College\ParkGrid-Fullstack\Backend\.metadata\.plugins\org.eclipse.swt\EBWebView\Default lastActive=2026-09-18T06:56:20.264Z
2026-09-18 09:27:04.220: [INFO] OnDoneLoading sync enabled: 0
2026-09-18 09:27:04.220: [INFO] BookmarkModelLoaded, ids_reassigned: 0
2026-09-18 09:27:04.220: [INFO] BookmarksLoadDropped droppedNodes=0
2026-09-18 09:27:04.220: [INFO] BookmarksSnapshot Startup total=0 bar=0 other=0 mobile=0 showBar=0 showBarNTP=1
2026-09-18 09:45:17.496: [INFO] BookmarksSnapshot Shutdown total=0 bar=0 other=0 mobile=0 showBar=0 showBarNTP=1
2026-09-18 15:36:06.983: [INFO] CurrentProfilePath: C:\College\ParkGrid-Fullstack\Backend\.metadata\.plugins\org.eclipse.swt\EBWebView\Default
2026-09-18 15:36:06.983: [INFO] Profiles total count: 1
2026-09-18 15:36:06.983: [INFO] Profile: name=Profile 1 path=C:\College\ParkGrid-Fullstack\Backend\.metadata\.plugins\org.eclipse.swt\EBWebView\Default lastActive=2026-09-18T09:27:04.946Z
2026-09-18 15:36:06.983: [INFO] LastUsedProfileDir: C:\College\ParkGrid-Fullstack\Backend\.metadata\.plugins\org.eclipse.swt\EBWebView\Default
2026-09-18 15:36:06.983: [INFO] MostRecentlyActiveProfile: name=Profile 1 path=C:\College\ParkGrid-Fullstack\Backend\.metadata\.plugins\org.eclipse.swt\EBWebView\Default lastActive=2026-09-18T09:27:04.946Z
2026-09-18 15:36:06.983: [INFO] OnDoneLoading sync enabled: 0
2026-09-18 15:36:06.983: [INFO] BookmarkModelLoaded, ids_reassigned: 0
2026-09-18 15:36:06.983: [INFO] BookmarksLoadDropped droppedNodes=0
2026-09-18 15:36:06.983: [INFO] BookmarksSnapshot Startup total=0 bar=0 other=0 mobile=0 showBar=0 showBarNTP=1
2026-09-18 16:33:44.540: [INFO] BookmarksSnapshot Shutdown total=0 bar=0 other=0 mobile=0 showBar=0 showBarNTP=1
2026-09-19 01:25:47.072: [INFO] CurrentProfilePath: C:\College\ParkGrid-Fullstack\Backend\.metadata\.plugins\org.eclipse.swt\EBWebView\Default
2026-09-19 01:25:47.072: [INFO] Profiles total count: 1
2026-09-19 01:25:47.072: [INFO] Profile: name=Profile 1 path=C:\College\ParkGrid-Fullstack\Backend\.metadata\.plugins\org.eclipse.swt\EBWebView\Default lastActive=2026-09-18T16:33:42.728Z
2026-09-19 01:25:47.072: [INFO] LastUsedProfileDir: C:\College\ParkGrid-Fullstack\Backend\.metadata\.plugins\org.eclipse.swt\EBWebView\Default
2026-09-19 01:25:47.072: [INFO] MostRecentlyActiveProfile: name=Profile 1 path=C:\College\ParkGrid-Fullstack\Backend\.metadata\.plugins\org.eclipse.swt\EBWebView\Default lastActive=2026-09-18T16:33:42.728Z
2026-09-19 01:25:47.072: [INFO] OnDoneLoading sync enabled: 0
2026-09-19 01:25:47.072: [INFO] BookmarkModelLoaded, ids_reassigned: 0
2026-09-19 01:25:47.072: [INFO] BookmarksLoadDropped droppedNodes=0
2026-09-19 01:25:47.072: [INFO] BookmarksSnapshot Startup total=0 bar=0 other=0 mobile=0 showBar=0 showBarNTP=1
2026-09-19 01:56:59.472: [INFO] BookmarksSnapshot Shutdown total=0 bar=0 other=0 mobile=0 showBar=0 showBarNTP=1
2026-09-19 12:22:12.144: [INFO] CurrentProfilePath: C:\College\ParkGrid-Fullstack\Backend\.metadata\.plugins\org.eclipse.swt\EBWebView\Default
2026-09-19 12:22:12.144: [INFO] Profiles total count: 1
2026-09-19 12:22:12.144: [INFO] Profile: name=Profile 1 path=C:\College\ParkGrid-Fullstack\Backend\.metadata\.plugins\org.eclipse.swt\EBWebView\Default lastActive=2026-09-19T01:27:45.783Z
2026-09-19 12:22:12.144: [INFO] LastUsedProfileDir: C:\College\ParkGrid-Fullstack\Backend\.metadata\.plugins\org.eclipse.swt\EBWebView\Default
2026-09-19 12:22:12.144: [INFO] MostRecentlyActiveProfile: name=Profile 1 path=C:\College\ParkGrid-Fullstack\Backend\.metadata\.plugins\org.eclipse.swt\EBWebView\Default lastActive=2026-09-19T01:27:45.783Z
2026-09-19 12:22:12.144: [INFO] OnDoneLoading sync enabled: 0
2026-09-19 12:22:12.144: [INFO] BookmarkModelLoaded, ids_reassigned: 0
2026-09-19 12:22:12.144: [INFO] BookmarksLoadDropped droppedNodes=0
2026-09-19 12:22:12.144: [INFO] BookmarksSnapshot Startup total=0 bar=0 other=0 mobile=0 showBar=0 showBarNTP=1
2026-09-19 12:56:04.130: [INFO] BookmarksSnapshot Shutdown total=0 bar=0 other=0 mobile=0 showBar=0 showBarNTP=1
2026-09-19 13:00:08.705: [INFO] CurrentProfilePath: C:\College\ParkGrid-Fullstack\Backend\.metadata\.plugins\org.eclipse.swt\EBWebView\Default
2026-09-19 13:00:08.705: [INFO] Profiles total count: 1
2026-09-19 13:00:08.705: [INFO] Profile: name=Profile 1 path=C:\College\ParkGrid-Fullstack\Backend\.metadata\.plugins\org.eclipse.swt\EBWebView\Default lastActive=2026-09-19T12:22:30.564Z
2026-09-19 13:00:08.705: [INFO] LastUsedProfileDir: C:\College\ParkGrid-Fullstack\Backend\.metadata\.plugins\org.eclipse.swt\EBWebView\Default
2026-09-19 13:00:08.705: [INFO] MostRecentlyActiveProfile: name=Profile 1 path=C:\College\ParkGrid-Fullstack\Backend\.metadata\.plugins\org.eclipse.swt\EBWebView\Default lastActive=2026-09-19T12:22:30.564Z
2026-09-19 13:00:08.705: [INFO] OnDoneLoading sync enabled: 0
2026-09-19 13:00:08.705: [INFO] BookmarkModelLoaded, ids_reassigned: 0
2026-09-19 13:00:08.705: [INFO] BookmarksLoadDropped droppedNodes=0
2026-09-19 13:00:08.705: [INFO] BookmarksSnapshot Startup total=0 bar=0 other=0 mobile=0 showBar=0 showBarNTP=1
2026-09-19 15:59:45.367: [INFO] BookmarksSnapshot Shutdown total=0 bar=0 other=0 mobile=0 showBar=0 showBarNTP=1
2026-09-19 19:09:05.529: [INFO] CurrentProfilePath: C:\College\ParkGrid-Fullstack\Backend\.metadata\.plugins\org.eclipse.swt\EBWebView\Default
2026-09-19 19:09:05.529: [INFO] Profiles total count: 1
2026-09-19 19:09:05.529: [INFO] Profile: name=Profile 1 path=C:\College\ParkGrid-Fullstack\Backend\.metadata\.plugins\org.eclipse.swt\EBWebView\Default lastActive=2026-09-19T13:03:54.269Z
2026-09-19 19:09:05.529: [INFO] LastUsedProfileDir: C:\College\ParkGrid-Fullstack\Backend\.metadata\.plugins\org.eclipse.swt\EBWebView\Default
2026-09-19 19:09:05.529: [INFO] MostRecentlyActiveProfile: name=Profile 1 path=C:\College\ParkGrid-Fullstack\Backend\.metadata\.plugins\org.eclipse.swt\EBWebView\Default lastActive=2026-09-19T13:03:54.269Z
2026-09-19 19:09:05.529: [INFO] OnDoneLoading sync enabled: 0
2026-09-19 19:09:05.529: [INFO] BookmarkModelLoaded, ids_reassigned: 0
2026-09-19 19:09:05.529: [INFO] BookmarksLoadDropped droppedNodes=0
2026-09-19 19:09:05.529: [INFO] BookmarksSnapshot Startup total=0 bar=0 other=0 mobile=0 showBar=0 showBarNTP=1
2026-09-19 19:38:42.395: [INFO] BookmarksSnapshot Shutdown total=0 bar=0 other=0 mobile=0 showBar=0 showBarNTP=1
2026-09-20 04:34:03.201: [INFO] CurrentProfilePath: C:\College\ParkGrid-Fullstack\Backend\.metadata\.plugins\org.eclipse.swt\EBWebView\Default
2026-09-20 04:34:03.201: [INFO] Profiles total count: 1
2026-09-20 04:34:03.202: [INFO] Profile: name=Profile 1 path=C:\College\ParkGrid-Fullstack\Backend\.metadata\.plugins\org.eclipse.swt\EBWebView\Default lastActive=2026-09-19T19:09:13.412Z
2026-09-20 04:34:03.202: [INFO] LastUsedProfileDir: C:\College\ParkGrid-Fullstack\Backend\.metadata\.plugins\org.eclipse.swt\EBWebView\Default
2026-09-20 04:34:03.202: [INFO] MostRecentlyActiveProfile: name=Profile 1 path=C:\College\ParkGrid-Fullstack\Backend\.metadata\.plugins\org.eclipse.swt\EBWebView\Default lastActive=2026-09-19T19:09:13.412Z
2026-09-20 04:34:03.202: [INFO] OnDoneLoading sync enabled: 0
2026-09-20 04:34:03.202: [INFO] BookmarkModelLoaded, ids_reassigned: 0
2026-09-20 04:34:03.202: [INFO] BookmarksLoadDropped droppedNodes=0
2026-09-20 04:34:03.202: [INFO] BookmarksSnapshot Startup total=0 bar=0 other=0 mobile=0 showBar=0 showBarNTP=1
2026-09-20 07:02:17.047: [INFO] BookmarksSnapshot Shutdown total=0 bar=0 other=0 mobile=0 showBar=0 showBarNTP=1
2026-09-21 03:51:32.897: [INFO] CurrentProfilePath: C:\College\ParkGrid-Fullstack\Backend\.metadata\.plugins\org.eclipse.swt\EBWebView\Default
2026-09-21 03:51:32.897: [INFO] Profiles total count: 1
2026-09-21 03:51:32.897: [INFO] Profile: name=Profile 1 path=C:\College\ParkGrid-Fullstack\Backend\.metadata\.plugins\org.eclipse.swt\EBWebView\Default lastActive=2026-09-20T04:34:26.001Z
2026-09-21 03:51:32.897: [INFO] LastUsedProfileDir: C:\College\ParkGrid-Fullstack\Backend\.metadata\.plugins\org.eclipse.swt\EBWebView\Default
2026-09-21 03:51:32.897: [INFO] MostRecentlyActiveProfile: name=Profile 1 path=C:\College\ParkGrid-Fullstack\Backend\.metadata\.plugins\org.eclipse.swt\EBWebView\Default lastActive=2026-09-20T04:34:26.001Z
2026-09-21 03:51:32.897: [INFO] OnDoneLoading sync enabled: 0
2026-09-21 03:51:32.897: [INFO] BookmarkModelLoaded, ids_reassigned: 0
2026-09-21 03:51:32.897: [INFO] BookmarksLoadDropped droppedNodes=0
2026-09-21 03:51:32.897: [INFO] BookmarksSnapshot Startup total=0 bar=0 other=0 mobile=0 showBar=0 showBarNTP=1
2026-09-21 05:16:49.019: [INFO] BookmarksSnapshot Shutdown total=0 bar=0 other=0 mobile=0 showBar=0 showBarNTP=1
2026-09-21 07:40:11.739: [INFO] CurrentProfilePath: C:\College\ParkGrid-Fullstack\Backend\.metadata\.plugins\org.eclipse.swt\EBWebView\Default
2026-09-21 07:40:11.739: [INFO] Profiles total count: 1
2026-09-21 07:40:11.740: [INFO] Profile: name=Profile 1 path=C:\College\ParkGrid-Fullstack\Backend\.metadata\.plugins\org.eclipse.swt\EBWebView\Default lastActive=2026-09-21T03:51:44.626Z
2026-09-21 07:40:11.740: [INFO] LastUsedProfileDir: C:\College\ParkGrid-Fullstack\Backend\.metadata\.plugins\org.eclipse.swt\EBWebView\Default
2026-09-21 07:40:11.740: [INFO] MostRecentlyActiveProfile: name=Profile 1 path=C:\College\ParkGrid-Fullstack\Backend\.metadata\.plugins\org.eclipse.swt\EBWebView\Default lastActive=2026-09-21T03:51:44.626Z
2026-09-21 07:40:11.740: [INFO] OnDoneLoading sync enabled: 0
2026-09-21 07:40:11.740: [INFO] BookmarkModelLoaded, ids_reassigned: 0
2026-09-21 07:40:11.740: [INFO] BookmarksLoadDropped droppedNodes=0
2026-09-21 07:40:11.740: [INFO] BookmarksSnapshot Startup total=0 bar=0 other=0 mobile=0 showBar=0 showBarNTP=1
2026-09-21 07:52:55.851: [INFO] BookmarksSnapshot Shutdown total=0 bar=0 other=0 mobile=0 showBar=0 showBarNTP=1
2026-09-21 08:29:26.655: [INFO] CurrentProfilePath: C:\College\ParkGrid-Fullstack\Backend\.metadata\.plugins\org.eclipse.swt\EBWebView\Default
2026-09-21 08:29:26.655: [INFO] Profiles total count: 1
2026-09-21 08:29:26.655: [INFO] Profile: name=Profile 1 path=C:\College\ParkGrid-Fullstack\Backend\.metadata\.plugins\org.eclipse.swt\EBWebView\Default lastActive=2026-09-21T07:40:19.145Z
2026-09-21 08:29:26.655: [INFO] LastUsedProfileDir: C:\College\ParkGrid-Fullstack\Backend\.metadata\.plugins\org.eclipse.swt\EBWebView\Default
2026-09-21 08:29:26.655: [INFO] MostRecentlyActiveProfile: name=Profile 1 path=C:\College\ParkGrid-Fullstack\Backend\.metadata\.plugins\org.eclipse.swt\EBWebView\Default lastActive=2026-09-21T07:40:19.145Z
2026-09-21 08:29:26.655: [INFO] OnDoneLoading sync enabled: 0
2026-09-21 08:29:26.655: [INFO] BookmarkModelLoaded, ids_reassigned: 0
2026-09-21 08:29:26.655: [INFO] BookmarksLoadDropped droppedNodes=0
2026-09-21 08:29:26.655: [INFO] BookmarksSnapshot Startup total=0 bar=0 other=0 mobile=0 showBar=0 showBarNTP=1
2026-09-21 09:35:42.643: [INFO] BookmarksSnapshot Shutdown total=0 bar=0 other=0 mobile=0 showBar=0 showBarNTP=1
2026-09-21 09:49:02.274: [INFO] CurrentProfilePath: C:\College\ParkGrid-Fullstack\Backend\.metadata\.plugins\org.eclipse.swt\EBWebView\Default
2026-09-21 09:49:02.274: [INFO] Profiles total count: 1
2026-09-21 09:49:02.275: [INFO] Profile: name=Profile 1 path=C:\College\ParkGrid-Fullstack\Backend\.metadata\.plugins\org.eclipse.swt\EBWebView\Default lastActive=2026-09-21T08:31:06.607Z
2026-09-21 09:49:02.275: [INFO] LastUsedProfileDir: C:\College\ParkGrid-Fullstack\Backend\.metadata\.plugins\org.eclipse.swt\EBWebView\Default
2026-09-21 09:49:02.275: [INFO] MostRecentlyActiveProfile: name=Profile 1 path=C:\College\ParkGrid-Fullstack\Backend\.metadata\.plugins\org.eclipse.swt\EBWebView\Default lastActive=2026-09-21T08:31:06.607Z
2026-09-21 09:49:02.275: [INFO] OnDoneLoading sync enabled: 0
2026-09-21 09:49:02.275: [INFO] BookmarkModelLoaded, ids_reassigned: 0
2026-09-21 09:49:02.275: [INFO] BookmarksLoadDropped droppedNodes=0
2026-09-21 09:49:02.275: [INFO] BookmarksSnapshot Startup total=0 bar=0 other=0 mobile=0 showBar=0 showBarNTP=1
2026-09-21 09:51:20.132: [INFO] BookmarksSnapshot Shutdown total=0 bar=0 other=0 mobile=0 showBar=0 showBarNTP=1
2026-09-22 02:22:58.139: [INFO] CurrentProfilePath: C:\College\ParkGrid-Fullstack\Backend\.metadata\.plugins\org.eclipse.swt\EBWebView\Default
2026-09-22 02:22:58.139: [INFO] Profiles total count: 1
2026-09-22 02:22:58.139: [INFO] Profile: name=Profile 1 path=C:\College\ParkGrid-Fullstack\Backend\.metadata\.plugins\org.eclipse.swt\EBWebView\Default lastActive=2026-09-21T09:49:02.587Z
2026-09-22 02:22:58.139: [INFO] LastUsedProfileDir: C:\College\ParkGrid-Fullstack\Backend\.metadata\.plugins\org.eclipse.swt\EBWebView\Default
2026-09-22 02:22:58.139: [INFO] MostRecentlyActiveProfile: name=Profile 1 path=C:\College\ParkGrid-Fullstack\Backend\.metadata\.plugins\org.eclipse.swt\EBWebView\Default lastActive=2026-09-21T09:49:02.587Z
2026-09-22 02:22:58.139: [INFO] OnDoneLoading sync enabled: 0
2026-09-22 02:22:58.139: [INFO] BookmarkModelLoaded, ids_reassigned: 0
2026-09-22 02:22:58.139: [INFO] BookmarksLoadDropped droppedNodes=0
2026-09-22 02:22:58.139: [INFO] BookmarksSnapshot Startup total=0 bar=0 other=0 mobile=0 showBar=0 showBarNTP=1
2026-09-22 03:04:21.053: [INFO] BookmarksSnapshot Shutdown total=0 bar=0 other=0 mobile=0 showBar=0 showBarNTP=1
2026-09-22 05:45:01.994: [INFO] CurrentProfilePath: C:\College\ParkGrid-Fullstack\Backend\.metadata\.plugins\org.eclipse.swt\EBWebView\Default
2026-09-22 05:45:01.994: [INFO] Profiles total count: 1
2026-09-22 05:45:01.994: [INFO] Profile: name=Profile 1 path=C:\College\ParkGrid-Fullstack\Backend\.metadata\.plugins\org.eclipse.swt\EBWebView\Default lastActive=2026-09-22T02:23:04.940Z
2026-09-22 05:45:01.994: [INFO] LastUsedProfileDir: C:\College\ParkGrid-Fullstack\Backend\.metadata\.plugins\org.eclipse.swt\EBWebView\Default
2026-09-22 05:45:01.994: [INFO] MostRecentlyActiveProfile: name=Profile 1 path=C:\College\ParkGrid-Fullstack\Backend\.metadata\.plugins\org.eclipse.swt\EBWebView\Default lastActive=2026-09-22T02:23:04.940Z
2026-09-22 05:45:01.994: [INFO] OnDoneLoading sync enabled: 0
2026-09-22 05:45:01.994: [INFO] BookmarkModelLoaded, ids_reassigned: 0
2026-09-22 05:45:01.994: [INFO] BookmarksLoadDropped droppedNodes=0
2026-09-22 05:45:01.994: [INFO] BookmarksSnapshot Startup total=0 bar=0 other=0 mobile=0 showBar=0 showBarNTP=1
2026-09-22 06:31:55.826: [INFO] BookmarksSnapshot Shutdown total=0 bar=0 other=0 mobile=0 showBar=0 showBarNTP=1
2026-09-26 16:18:01.149: [INFO] CurrentProfilePath: C:\College\ParkGrid-Fullstack\Backend\.metadata\.plugins\org.eclipse.swt\EBWebView\Default
2026-09-26 16:18:01.149: [INFO] Profiles total count: 1
2026-09-26 16:18:01.149: [INFO] Profile: name=Profile 1 path=C:\College\ParkGrid-Fullstack\Backend\.metadata\.plugins\org.eclipse.swt\EBWebView\Default lastActive=2026-09-22T06:31:53.873Z
2026-09-26 16:18:01.149: [INFO] LastUsedProfileDir: C:\College\ParkGrid-Fullstack\Backend\.metadata\.plugins\org.eclipse.swt\EBWebView\Default
2026-09-26 16:18:01.149: [INFO] MostRecentlyActiveProfile: name=Profile 1 path=C:\College\ParkGrid-Fullstack\Backend\.metadata\.plugins\org.eclipse.swt\EBWebView\Default lastActive=2026-09-22T06:31:53.873Z
2026-09-26 16:18:01.149: [INFO] OnDoneLoading sync enabled: 0
2026-09-26 16:18:01.149: [INFO] BookmarkModelLoaded, ids_reassigned: 0
2026-09-26 16:18:01.149: [INFO] BookmarksLoadDropped droppedNodes=0
2026-09-26 16:18:01.149: [INFO] BookmarksSnapshot Startup total=0 bar=0 other=0 mobile=0 showBar=0 showBarNTP=1
2026-09-26 16:19:09.035: [INFO] BookmarksSnapshot Shutdown total=0 bar=0 other=0 mobile=0 showBar=0 showBarNTP=1
2026-09-27 10:34:43.317: [INFO] CurrentProfilePath: C:\College\ParkGrid-Fullstack\Backend\.metadata\.plugins\org.eclipse.swt\EBWebView\Default
2026-09-27 10:34:43.317: [INFO] Profiles total count: 1
2026-09-27 10:34:43.317: [INFO] Profile: name=Profile 1 path=C:\College\ParkGrid-Fullstack\Backend\.metadata\.plugins\org.eclipse.swt\EBWebView\Default lastActive=2026-09-26T16:18:53.415Z
2026-09-27 10:34:43.317: [INFO] LastUsedProfileDir: C:\College\ParkGrid-Fullstack\Backend\.metadata\.plugins\org.eclipse.swt\EBWebView\Default
2026-09-27 10:34:43.317: [INFO] MostRecentlyActiveProfile: name=Profile 1 path=C:\College\ParkGrid-Fullstack\Backend\.metadata\.plugins\org.eclipse.swt\EBWebView\Default lastActive=2026-09-26T16:18:53.415Z
2026-09-27 10:34:43.317: [INFO] OnDoneLoading sync enabled: 0
2026-09-27 10:34:43.317: [INFO] BookmarkModelLoaded, ids_reassigned: 0
2026-09-27 10:34:43.317: [INFO] BookmarksLoadDropped droppedNodes=0
2026-09-27 10:34:43.317: [INFO] BookmarksSnapshot Startup total=0 bar=0 other=0 mobile=0 showBar=0 showBarNTP=1
